// Jest Snapshot v1, https://goo.gl/fbAQLP

exports[`generateFormField - datePicker should generate simple date field with LocalType scalar 1`] = `
"
            <Future_DatePickerField
                
                
                variant="horizontal"
                fullWidth
                name="availableSince"
                label={<FormattedMessage id="product.availableSince" defaultMessage="Available Since" />}
                
                
                
                
            />"
`;

exports[`generateFormField - datePicker should generate simple date field with LocalType scalar 2`] = `
[
  {
    "fieldName": "availableSince",
    "formValueToGqlInputCode": "formValues.availableSince ?? null",
  },
]
`;
